
[TestMatchSnapshot/withConfig - 1]
different data than the rest
---
