
[TestMatchSnapshot/withConfig/should_allow_absolute_path - 1]
supporting absolute path
---
