
[TestMatchSnapshot/withConfig/should_allow_changing_filename - 1]
snapshot data
---
