
[TestSimple/should_make_an_int_snapshot - 1]
int(5)
---

[TestSimple/should_make_a_string_snapshot - 1]
string snapshot
---

[TestSimple/should_make_a_map_snapshot - 1]
map[string]interface {}{
    "mock-0": "value",
    "mock-1": int(2),
    "mock-2": func() {...},
    "mock-3": float32(10.399999618530273),
}
---

[TestSimple/should_make_multiple_entries_in_snapshot - 1]
int(5)
int(10)
int(20)
int(25)
---

[TestSimple/should_make_create_multiple_snapshot - 1]
int(1000)
---

[TestSimple/should_make_create_multiple_snapshot - 2]
another snapshot
---

[TestSimple/should_make_create_multiple_snapshot - 3]
{
            "user": "gkampitakis",
            "id": 1234567,
            "data": [ ]
        }
---

[TestSimpleTable/string - 1]
input
---

[TestSimpleTable/integer - 1]
int(10)
---

[TestSimpleTable/map - 1]
map[string]interface {}{
    "test": func() {...},
}
---

[TestSimple/nest/more/one_more_nested_test - 1]
it's okay
---

[TestSimpleTable/buffer - 1]
&bytes.Buffer{
    buf:      {0x42, 0x75, 0x66, 0x66, 0x65, 0x72, 0x20, 0x73, 0x74, 0x72, 0x69, 0x6e, 0x67},
    off:      0,
    lastRead: 0,
}
---
