{
    "user": "mock-user",
    "age": 10,
    "email": "mock@email.com"
}