{
 "age": "<less than 5 age>",
 "email": "mock@email.com",
 "user": "mock-user"
}