{
 "age": 10,
 "email": "mock@email.com",
 "user": "mock-user"
}