{
 "email": "mock@email.com",
 "keys": [
  1,
  2,
  3,
  4,
  5
 ],
 "name": "mock-name"
}