user: mock-user
age: 10
nested:
 now:
 - <Any value>