{
 "age": 10,
 "nested": {
  "now": [
   "<Any value>"
  ]
 },
 "user": "mock-user"
}