name: mock-name
email: mock@email.com
keys:
  - 1
  - 2
  - 3
  - 4
  - 5
tags: []
