mock-0: value
mock-1: 2
mock-2:
  msg: Hello World
mock-3: 10.4
