user: mock-user
age: <less than 5 age>
email: mock@email.com