{
 "email": "mock-user@email.com",
 "keys": [
  1,
  2,
  3,
  4,
  5
 ],
 "name": "mock-user"
}